Microchip MPLAB XC8 Compiler V2.10 ()

Linker command line:

-W-3 --edf=C:\Program Files (x86)\Microchip\xc8\v2.10\pic\dat\en_msgs.txt \
  -cs -h+dist/default/production\inLab11.X.production.sym \
  --cmf=dist/default/production\inLab11.X.production.cmf -z -Q18F26K22 \
  -oC:\Users\thsid\AppData\Local\Temp\sblk.2 --defsym=__MPLAB_BUILD=1 \
  -Mdist/default/production/inLab11.X.production.map -E1 -ver=XC8 \
  --acfsm=1493 -ASTACK=0F2h-0F37h -pstack=STACK -ACODE=00h-0FFFFh \
  -ACONST=00h-0FFFFh -ASMALLCONST=01000h-010FFhx240 \
  -AMEDIUMCONST=01000h-0FFFFh -ACOMRAM=01h-05Fh -AABS1=00h-0F37h \
  -ABIGRAM=01h-0F37h -ARAM=060h-0FFh,0100h-01FFhx14,0F00h-0F37h \
  -ABANK0=060h-0FFh -ABANK1=0100h-01FFh -ABANK2=0200h-02FFh \
  -ABANK3=0300h-03FFh -ABANK4=0400h-04FFh -ABANK5=0500h-05FFh \
  -ABANK6=0600h-06FFh -ABANK7=0700h-07FFh -ABANK8=0800h-08FFh \
  -ABANK9=0900h-09FFh -ABANK10=0A00h-0AFFh -ABANK11=0B00h-0BFFh \
  -ABANK12=0C00h-0CFFh -ABANK13=0D00h-0DFFh -ABANK14=0E00h-0EFFh \
  -ABANK15=0F00h-0F37h -ASFR=0F38h-0F5Fh,0F60h-0FFFh \
  -preset_vec=00h,intcode,intcodelo,powerup,init -pramtop=01000h \
  -psmallconst=SMALLCONST -pmediumconst=MEDIUMCONST -pconst=CONST \
  -AFARRAM=00h-00h -ACONFIG=0300000h-030000Dh -pconfig=CONFIG \
  -AIDLOC=0200000h-0200007h -pidloc=IDLOC -AEEDATA=0F00000h-0F003FFh \
  -peeprom_data=EEDATA \
  -prdata=COMRAM,nvrram=COMRAM,nvbit=COMRAM,rbss=COMRAM,rbit=COMRAM \
  -pfarbss=FARRAM,fardata=FARRAM,nvFARRAM=FARRAM \
  -pintsave_regs=BIGRAM,bigbss=BIGRAM,bigdata=BIGRAM -pbss=RAM \
  -pidata=CODE,irdata=CODE,ibigdata=CODE,ifardata=CODE -prparam=COMRAM \
  C:\Users\thsid\AppData\Local\Temp\sblk.o \
  dist/default/production\inLab11.X.production.o 

Object code version is 3.11

Machine type is 18F26K22

Call graph: (short form)




                Name                               Link     Load   Length Selector   Space Scale
C:\Users\thsid\AppData\Local\Temp\sblk.o
                init                                  0        0        4        0       0
                idloc                            200000   200000        8   200000       0
                config                           300000   300000        E   300000       0
dist/default/production\inLab11.X.production.o
                mediumconst                        F9B0     F9B0      650     7CD8       0
                text41                             DD76     DD76       14     6EBB       0
                text40                             DD8A     DD8A       14     6EC5       0
                text39                             DE32     DE32       18     6F19       0
                text38                             DD40     DD40        4     6EA0       0
                text37                             DEC2     DEC2       28     6F61       0
                text36                             DD9E     DD9E       14     6ECF       0
                text35                             DDDA     DDDA       16     6EED       0
                text34                             DD44     DD44        A     6EA2       0
                text33                             DD4E     DD4E        A     6EA7       0
                text32                             DD58     DD58        A     6EAC       0
                text31                             DFD4     DFD4       3E     6FEA       0
                text30                             DE62     DE62       1C     6F31       0
                text29                             DF12     DF12       2A     6F89       0
                text28                             DF3C     DF3C       2A     6F9E       0
                text27                             DDF0     DDF0       16     6EF8       0
                text26                             DDB2     DDB2       14     6ED9       0
                text25                             DE7E     DE7E       1E     6F3F       0
                text24                             DD62     DD62        A     6EB1       0
                text23                             DE4A     DE4A       18     6F25       0
                text22                             DE06     DE06       16     6F03       0
                text21                             DE9C     DE9C       26     6F4E       0
                text20                             DF9C     DF9C       38     6FCE       0
                text19                             E096     E096       52     704B       0
                text18                             E7AE     E7AE      19A     73D7       0
                text17                             DE1C     DE1C       16     6F0E       0
                text16                             DD6C     DD6C        A     6EB6       0
                text15                             E1A6     E1A6       96     70D3       0
                text14                             E052     E052       44     7029       0
                text13                             DF66     DF66       36     6FB3       0
                text12                             E23C     E23C       C6     711E       0
                text11                             E0E8     E0E8       5A     7074       0
                text10                             E626     E626      188     7313       0
                text9                              E4C2     E4C2      164     7261       0
                text8                              E012     E012       40     7009       0
                text7                              EB4A     EB4A      2E2     75A5       0
                text6                              E3D2     E3D2       F0     71E9       0
                text5                              E302     E302       D0     7181       0
                text4                              E948     E948      202     74A4       0
                text3                              EE2C     EE2C      3DA     7716       0
                text2                              E142     E142       64     70A1       0
                text1                              DEEA     DEEA       28     6F75       0
                text0                              F206     F206      7AA     7903       0
                cstackCOMRAM                          1        1       5E        1       1
                cstackBANK0                          60       60       60       60       1
                bssBANK0                             C0       C0       32       60       1
                bssCOMRAM                            5F       5F        1        1       1
                cinit                              DDC6     DDC6       14     6EE3       0

TOTAL           Name                               Link     Load   Length     Space
        CLASS   STACK          

        CLASS   CODE           
                init                                  0        0        4         0
                text41                             DD76     DD76       14         0
                text40                             DD8A     DD8A       14         0
                text39                             DE32     DE32       18         0
                text38                             DD40     DD40        4         0
                text37                             DEC2     DEC2       28         0
                text36                             DD9E     DD9E       14         0
                text35                             DDDA     DDDA       16         0
                text34                             DD44     DD44        A         0
                text33                             DD4E     DD4E        A         0
                text32                             DD58     DD58        A         0
                text31                             DFD4     DFD4       3E         0
                text30                             DE62     DE62       1C         0
                text29                             DF12     DF12       2A         0
                text28                             DF3C     DF3C       2A         0
                text27                             DDF0     DDF0       16         0
                text26                             DDB2     DDB2       14         0
                text25                             DE7E     DE7E       1E         0
                text24                             DD62     DD62        A         0
                text23                             DE4A     DE4A       18         0
                text22                             DE06     DE06       16         0
                text21                             DE9C     DE9C       26         0
                text20                             DF9C     DF9C       38         0
                text19                             E096     E096       52         0
                text18                             E7AE     E7AE      19A         0
                text17                             DE1C     DE1C       16         0
                text16                             DD6C     DD6C        A         0
                text15                             E1A6     E1A6       96         0
                text14                             E052     E052       44         0
                text13                             DF66     DF66       36         0
                text12                             E23C     E23C       C6         0
                text11                             E0E8     E0E8       5A         0
                text10                             E626     E626      188         0
                text9                              E4C2     E4C2      164         0
                text8                              E012     E012       40         0
                text7                              EB4A     EB4A      2E2         0
                text6                              E3D2     E3D2       F0         0
                text5                              E302     E302       D0         0
                text4                              E948     E948      202         0
                text3                              EE2C     EE2C      3DA         0
                text2                              E142     E142       64         0
                text1                              DEEA     DEEA       28         0
                text0                              F206     F206      7AA         0
                cinit                              DDC6     DDC6       14         0

        CLASS   CONST          

        CLASS   SMALLCONST     

        CLASS   MEDIUMCONST    
                mediumconst                        F9B0     F9B0      650         0

        CLASS   COMRAM         
                cstackCOMRAM                          1        1       5E         1
                bssCOMRAM                            5F       5F        1         1

        CLASS   ABS1           

        CLASS   BIGRAM         

        CLASS   RAM            

        CLASS   BANK0          
                cstackBANK0                          60       60       60         1
                bssBANK0                             C0       C0       32         1

        CLASS   BANK1          

        CLASS   BANK2          

        CLASS   BANK3          

        CLASS   BANK4          

        CLASS   BANK5          

        CLASS   BANK6          

        CLASS   BANK7          

        CLASS   BANK8          

        CLASS   BANK9          

        CLASS   BANK10         

        CLASS   BANK11         

        CLASS   BANK12         

        CLASS   BANK13         

        CLASS   BANK14         

        CLASS   BANK15         

        CLASS   SFR            

        CLASS   FARRAM         

        CLASS   CONFIG         
                config                           300000   300000        E         0

        CLASS   IDLOC          
                idloc                            200000   200000        8         0

        CLASS   EEDATA         



SEGMENTS        Name                           Load    Length   Top    Selector   Space  Class

                reset_vec                      000000  000004  000004         0       0  CODE    
                cstackCOMRAM                   000001  00005F  000060         1       1  COMRAM  
                cstackBANK0                    000060  000092  0000F2        60       1  BANK0   
                text38                         00DD40  000004  00DD44      6EA0       0  CODE    
                text34                         00DD44  00000A  00DD4E      6EA2       0  CODE    
                text33                         00DD4E  00000A  00DD58      6EA7       0  CODE    
                text32                         00DD58  00000A  00DD62      6EAC       0  CODE    
                text24                         00DD62  00000A  00DD6C      6EB1       0  CODE    
                text16                         00DD6C  00000A  00DD76      6EB6       0  CODE    
                text41                         00DD76  000014  00DD8A      6EBB       0  CODE    
                text40                         00DD8A  000014  00DD9E      6EC5       0  CODE    
                text36                         00DD9E  000014  00DDB2      6ECF       0  CODE    
                text26                         00DDB2  000014  00DDC6      6ED9       0  CODE    
                cinit                          00DDC6  000014  00DDDA      6EE3       0  CODE    
                text35                         00DDDA  000016  00DDF0      6EED       0  CODE    
                text27                         00DDF0  000016  00DE06      6EF8       0  CODE    
                text22                         00DE06  000016  00DE1C      6F03       0  CODE    
                text17                         00DE1C  000016  00DE32      6F0E       0  CODE    
                text39                         00DE32  000018  00DE4A      6F19       0  CODE    
                text23                         00DE4A  000018  00DE62      6F25       0  CODE    
                text30                         00DE62  00001C  00DE7E      6F31       0  CODE    
                text25                         00DE7E  00001E  00DE9C      6F3F       0  CODE    
                text21                         00DE9C  000026  00DEC2      6F4E       0  CODE    
                text37                         00DEC2  000028  00DEEA      6F61       0  CODE    
                text1                          00DEEA  000028  00DF12      6F75       0  CODE    
                text29                         00DF12  00002A  00DF3C      6F89       0  CODE    
                text28                         00DF3C  00002A  00DF66      6F9E       0  CODE    
                text13                         00DF66  000036  00DF9C      6FB3       0  CODE    
                text20                         00DF9C  000038  00DFD4      6FCE       0  CODE    
                text31                         00DFD4  00003E  00E012      6FEA       0  CODE    
                text8                          00E012  000040  00E052      7009       0  CODE    
                text14                         00E052  000044  00E096      7029       0  CODE    
                text19                         00E096  000052  00E0E8      704B       0  CODE    
                text11                         00E0E8  00005A  00E142      7074       0  CODE    
                text2                          00E142  000064  00E1A6      70A1       0  CODE    
                text15                         00E1A6  000096  00E23C      70D3       0  CODE    
                text12                         00E23C  0000C6  00E302      711E       0  CODE    
                text5                          00E302  0000D0  00E3D2      7181       0  CODE    
                text6                          00E3D2  0000F0  00E4C2      71E9       0  CODE    
                text9                          00E4C2  000164  00E626      7261       0  CODE    
                text10                         00E626  000188  00E7AE      7313       0  CODE    
                text18                         00E7AE  00019A  00E948      73D7       0  CODE    
                text4                          00E948  000202  00EB4A      74A4       0  CODE    
                text7                          00EB4A  0002E2  00EE2C      75A5       0  CODE    
                text3                          00EE2C  0003DA  00F206      7716       0  CODE    
                text0                          00F206  0007AA  00F9B0      7903       0  CODE    
                mediumconst                    00F9B0  000650  010000      7CD8       0  MEDIUMCO
                idloc                          200000  000008  200008    200000       0  IDLOC   
                config                         300000  00000E  30000E    300000       0  CONFIG  


UNUSED ADDRESS RANGES

        Name                Unused          Largest block    Delta
        BANK0            0000F2-0000FF                E
        BANK1            000100-0001FF              100
        BANK10           000A00-000AFF              100
        BANK11           000B00-000BFF              100
        BANK12           000C00-000CFF              100
        BANK13           000D00-000DFF              100
        BANK14           000E00-000EFF              100
        BANK15           000F00-000F37               38
        BANK2            000200-0002FF              100
        BANK3            000300-0003FF              100
        BANK4            000400-0004FF              100
        BANK5            000500-0005FF              100
        BANK6            000600-0006FF              100
        BANK7            000700-0007FF              100
        BANK8            000800-0008FF              100
        BANK9            000900-0009FF              100
        BIGRAM           0000F2-000F37              E46
        CODE             000004-00DD3F             DD3C
        CONST            000004-00DD3F             DD3C
        EEDATA           F00000-F003FF              400
        MEDIUMCONST      001000-00DD3F             CD40
        RAM              0000F2-000F37              100
        SFR              000F38-000FFF               28
        SMALLCONST       001000-00DD3F              100
        STACK            0000F2-000F37              E46

                                  Symbol Table

?_ADC_GetConversionResult                       cstackCOMRAM 000001
?_TMR0_ReadTimer                                cstackCOMRAM 000001
?___aodiv                                       cstackCOMRAM 000001
?___aomod                                       cstackCOMRAM 000001
?___lodiv                                       cstackCOMRAM 000001
?___lomod                                       cstackCOMRAM 000001
?___wmul                                        cstackCOMRAM 000001
?_abs                                           cstackCOMRAM 000013
?_atoi                                          cstackCOMRAM 000008
?_ctoa                                          cstackCOMRAM 00001E
?_dtoa                                          cstackCOMRAM 00001E
?_isdigit                                       cstackCOMRAM 000001
?_isspace                                       cstackCOMRAM 000001
?_pad                                           cstackCOMRAM 000013
?_printf                                        cstackBANK0  000068
?_strlen                                        cstackCOMRAM 000001
?_utoa                                          cstackCOMRAM 00001E
?_vfpfcnvrt                                     cstackCOMRAM 000042
?_vfprintf                                      cstackBANK0  000060
ADC_SelectChannel@channel                       cstackCOMRAM 000002
EUSART1_SetErrorHandler@interruptHandler        cstackCOMRAM 000001
EUSART1_SetFramingErrorHandler@interruptHandler cstackCOMRAM 000001
EUSART1_SetOverrunErrorHandler@interruptHandler cstackCOMRAM 000001
EUSART1_Write@txData                            cstackCOMRAM 000001
TMR0_ReadTimer@readVal                          cstackCOMRAM 000005
TMR0_ReadTimer@readValHigh                      cstackCOMRAM 000008
TMR0_ReadTimer@readValLow                       cstackCOMRAM 000007
TMR0_WriteTimer@timerVal                        cstackCOMRAM 000009
_ADCON0                                         (abs)        000FC2
_ADCON0bits                                     (abs)        000FC2
_ADCON1                                         (abs)        000FC1
_ADCON2                                         (abs)        000FC0
_ADC_GetConversionResult                        text41       00DD76
_ADC_Initialize                                 text35       00DDDA
_ADC_InterruptHandler                           bssBANK0     0000CE
_ADC_IsConversionDone                           text40       00DD8A
_ADC_SelectChannel                              text39       00DE32
_ADC_StartConversion                            text38       00DD40
_ADRESH                                         (abs)        000FC4
_ADRESL                                         (abs)        000FC3
_ANSELA                                         (abs)        000F38
_ANSELB                                         (abs)        000F39
_ANSELC                                         (abs)        000F3A
_BAUDCON1                                       (abs)        000FB8
_EUSART1_DefaultErrorHandler                    (abs)        000000
_EUSART1_DefaultFramingErrorHandler             (abs)        000000
_EUSART1_DefaultOverrunErrorHandler             (abs)        000000
_EUSART1_ErrorHandler                           bssBANK0     0000C8
_EUSART1_FramingErrorHandler                    bssBANK0     0000CC
_EUSART1_Initialize                             text31       00DFD4
_EUSART1_OverrunErrorHandler                    bssBANK0     0000CA
_EUSART1_Read                                   text37       00DEC2
_EUSART1_SetErrorHandler                        text34       00DD44
_EUSART1_SetFramingErrorHandler                 text33       00DD4E
_EUSART1_SetOverrunErrorHandler                 text32       00DD58
_EUSART1_Write                                  text17       00DE1C
_EUSART1_is_rx_ready                            text36       00DD9E
_INTCON2bits                                    (abs)        000FF1
_INTCONbits                                     (abs)        000FF2
_LATA                                           (abs)        000F89
_LATB                                           (abs)        000F8A
_LATC                                           (abs)        000F8B
_LATCbits                                       (abs)        000F8B
_OSCCON                                         (abs)        000FD3
_OSCCON2                                        (abs)        000FD2
_OSCILLATOR_Initialize                          text30       00DE62
_OSCTUNE                                        (abs)        000F9B
_PIN_MANAGER_Initialize                         text29       00DF12
_PIR1bits                                       (abs)        000F9E
_PLLRDY                                         (abs)        007E97
_PORTAbits                                      (abs)        000F80
_RCREG1                                         (abs)        000FAE
_RCSTA1                                         (abs)        000FAB
_RCSTA1bits                                     (abs)        000FAB
_SPBRG1                                         (abs)        000FAF
_SPBRGH1                                        (abs)        000FB0
_SYSTEM_Initialize                              text27       00DDF0
_T0CON                                          (abs)        000FD5
_T0CONbits                                      (abs)        000FD5
_TMR0H                                          (abs)        000FD7
_TMR0L                                          (abs)        000FD6
_TMR0_HasOverflowOccured                        text26       00DDB2
_TMR0_Initialize                                text28       00DF3C
_TMR0_ReadTimer                                 text25       00DE7E
_TMR0_WriteTimer                                text24       00DD62
_TRISA                                          (abs)        000F92
_TRISB                                          (abs)        000F93
_TRISC                                          (abs)        000F94
_TX1REG                                         (abs)        000FAD
_TXREG1                                         (abs)        000FAD
_TXSTA1                                         (abs)        000FAC
_TXSTA1bits                                     (abs)        000FAC
_WPUB                                           (abs)        000F61
__CFG_BOREN$SBORDIS                             (abs)        000000
__CFG_BORV$190                                  (abs)        000000
__CFG_CCP2MX$PORTC1                             (abs)        000000
__CFG_CCP3MX$PORTB5                             (abs)        000000
__CFG_CP0$OFF                                   (abs)        000000
__CFG_CP1$OFF                                   (abs)        000000
__CFG_CP2$OFF                                   (abs)        000000
__CFG_CP3$OFF                                   (abs)        000000
__CFG_CPB$OFF                                   (abs)        000000
__CFG_CPD$OFF                                   (abs)        000000
__CFG_DEBUG$OFF                                 (abs)        000000
__CFG_EBTR0$OFF                                 (abs)        000000
__CFG_EBTR1$OFF                                 (abs)        000000
__CFG_EBTR2$OFF                                 (abs)        000000
__CFG_EBTR3$OFF                                 (abs)        000000
__CFG_EBTRB$OFF                                 (abs)        000000
__CFG_FCMEN$OFF                                 (abs)        000000
__CFG_FOSC$INTIO67                              (abs)        000000
__CFG_HFOFST$ON                                 (abs)        000000
__CFG_IESO$OFF                                  (abs)        000000
__CFG_LVP$ON                                    (abs)        000000
__CFG_MCLRE$EXTMCLR                             (abs)        000000
__CFG_P2BMX$PORTB5                              (abs)        000000
__CFG_PBADEN$ON                                 (abs)        000000
__CFG_PLLCFG$OFF                                (abs)        000000
__CFG_PRICLKEN$ON                               (abs)        000000
__CFG_PWRTEN$OFF                                (abs)        000000
__CFG_STVREN$ON                                 (abs)        000000
__CFG_T3CMX$PORTC0                              (abs)        000000
__CFG_WDTEN$OFF                                 (abs)        000000
__CFG_WDTPS$32768                               (abs)        000000
__CFG_WRT0$OFF                                  (abs)        000000
__CFG_WRT1$OFF                                  (abs)        000000
__CFG_WRT2$OFF                                  (abs)        000000
__CFG_WRT3$OFF                                  (abs)        000000
__CFG_WRTB$OFF                                  (abs)        000000
__CFG_WRTC$OFF                                  (abs)        000000
__CFG_WRTD$OFF                                  (abs)        000000
__CFG_XINST$OFF                                 (abs)        000000
__HRAM                                          (abs)        000000
__Habs1                                         abs1         000000
__Hbank0                                        bank0        000000
__Hbank1                                        bank1        000000
__Hbank10                                       bank10       000000
__Hbank11                                       bank11       000000
__Hbank12                                       bank12       000000
__Hbank13                                       bank13       000000
__Hbank14                                       bank14       000000
__Hbank15                                       bank15       000000
__Hbank2                                        bank2        000000
__Hbank3                                        bank3        000000
__Hbank4                                        bank4        000000
__Hbank5                                        bank5        000000
__Hbank6                                        bank6        000000
__Hbank7                                        bank7        000000
__Hbank8                                        bank8        000000
__Hbank9                                        bank9        000000
__Hbigbss                                       bigbss       000000
__Hbigdata                                      bigdata      000000
__Hbigram                                       bigram       000000
__Hbss                                          bss          000000
__HbssBANK0                                     bssBANK0     000000
__HbssCOMRAM                                    bssCOMRAM    000000
__Hcinit                                        cinit        000000
__Hclrtext                                      clrtext      000000
__Hcomram                                       comram       000000
__Hconfig                                       config       30000E
__Hconst                                        const        000000
__HcstackBANK0                                  cstackBANK0  000000
__HcstackCOMRAM                                 cstackCOMRAM 000000
__Hdata                                         data         000000
__Heeprom_data                                  eeprom_data  000000
__Hfarbss                                       farbss       000000
__Hfardata                                      fardata      000000
__Hibigdata                                     ibigdata     000000
__Hidata                                        idata        000000
__Hidloc                                        idloc        200008
__Hifardata                                     ifardata     000000
__Hinit                                         init         000004
__Hintcode                                      intcode      000000
__Hintcode_body                                 intcode_body 000000
__Hintcodelo                                    intcodelo    000000
__Hintentry                                     intentry     000000
__Hintret                                       intret       000000
__Hintsave_regs                                 intsave_regs 000000
__Hirdata                                       irdata       000000
__Hmediumconst                                  mediumconst  010000
__HnvFARRAM                                     nvFARRAM     000000
__Hnvbit                                        nvbit        000000
__Hnvrram                                       nvrram       000000
__Hparam                                        rparam       000000
__Hpowerup                                      powerup      000000
__Hram                                          ram          000000
__Hramtop                                       ramtop       001000
__Hrbit                                         rbit         000000
__Hrbss                                         rbss         000000
__Hrdata                                        rdata        000000
__Hreset_vec                                    reset_vec    000000
__Hrparam                                       rparam       000000
__Hsfr                                          sfr          000000
__Hsmallconst                                   smallconst   000000
__Hspace_0                                      (abs)        30000E
__Hspace_1                                      (abs)        0000F2
__Hspace_2                                      (abs)        000000
__Hstack                                        stack        000000
__Hstruct                                       struct       000000
__Htemp                                         temp         000000
__Htext                                         text         000000
__Htext0                                        text0        000000
__Htext1                                        text1        000000
__Htext10                                       text10       000000
__Htext11                                       text11       000000
__Htext12                                       text12       000000
__Htext13                                       text13       000000
__Htext14                                       text14       000000
__Htext15                                       text15       000000
__Htext16                                       text16       000000
__Htext17                                       text17       000000
__Htext18                                       text18       000000
__Htext19                                       text19       000000
__Htext2                                        text2        000000
__Htext20                                       text20       000000
__Htext21                                       text21       000000
__Htext22                                       text22       000000
__Htext23                                       text23       000000
__Htext24                                       text24       000000
__Htext25                                       text25       000000
__Htext26                                       text26       000000
__Htext27                                       text27       000000
__Htext28                                       text28       000000
__Htext29                                       text29       000000
__Htext3                                        text3        000000
__Htext30                                       text30       000000
__Htext31                                       text31       000000
__Htext32                                       text32       000000
__Htext33                                       text33       000000
__Htext34                                       text34       000000
__Htext35                                       text35       000000
__Htext36                                       text36       000000
__Htext37                                       text37       000000
__Htext38                                       text38       000000
__Htext39                                       text39       000000
__Htext4                                        text4        000000
__Htext40                                       text40       000000
__Htext41                                       text41       000000
__Htext5                                        text5        000000
__Htext6                                        text6        000000
__Htext7                                        text7        000000
__Htext8                                        text8        000000
__Htext9                                        text9        000000
__LRAM                                          (abs)        000001
__Labs1                                         abs1         000000
__Lbank0                                        bank0        000000
__Lbank1                                        bank1        000000
__Lbank10                                       bank10       000000
__Lbank11                                       bank11       000000
__Lbank12                                       bank12       000000
__Lbank13                                       bank13       000000
__Lbank14                                       bank14       000000
__Lbank15                                       bank15       000000
__Lbank2                                        bank2        000000
__Lbank3                                        bank3        000000
__Lbank4                                        bank4        000000
__Lbank5                                        bank5        000000
__Lbank6                                        bank6        000000
__Lbank7                                        bank7        000000
__Lbank8                                        bank8        000000
__Lbank9                                        bank9        000000
__Lbigbss                                       bigbss       000000
__Lbigdata                                      bigdata      000000
__Lbigram                                       bigram       000000
__Lbss                                          bss          000000
__LbssBANK0                                     bssBANK0     000000
__LbssCOMRAM                                    bssCOMRAM    000000
__Lcinit                                        cinit        000000
__Lclrtext                                      clrtext      000000
__Lcomram                                       comram       000000
__Lconfig                                       config       300000
__Lconst                                        const        000000
__LcstackBANK0                                  cstackBANK0  000000
__LcstackCOMRAM                                 cstackCOMRAM 000000
__Ldata                                         data         000000
__Leeprom_data                                  eeprom_data  000000
__Lfarbss                                       farbss       000000
__Lfardata                                      fardata      000000
__Libigdata                                     ibigdata     000000
__Lidata                                        idata        000000
__Lidloc                                        idloc        200000
__Lifardata                                     ifardata     000000
__Linit                                         init         000000
__Lintcode                                      intcode      000000
__Lintcode_body                                 intcode_body 000000
__Lintcodelo                                    intcodelo    000000
__Lintentry                                     intentry     000000
__Lintret                                       intret       000000
__Lintsave_regs                                 intsave_regs 000000
__Lirdata                                       irdata       000000
__Lmediumconst                                  mediumconst  00F9B0
__LnvFARRAM                                     nvFARRAM     000000
__Lnvbit                                        nvbit        000000
__Lnvrram                                       nvrram       000000
__Lparam                                        rparam       000000
__Lpowerup                                      powerup      000000
__Lram                                          ram          000000
__Lramtop                                       ramtop       001000
__Lrbit                                         rbit         000000
__Lrbss                                         rbss         000000
__Lrdata                                        rdata        000000
__Lreset_vec                                    reset_vec    000000
__Lrparam                                       rparam       000000
__Lsfr                                          sfr          000000
__Lsmallconst                                   smallconst   000000
__Lspace_0                                      (abs)        000000
__Lspace_1                                      (abs)        000000
__Lspace_2                                      (abs)        000000
__Lstack                                        stack        000000
__Lstruct                                       struct       000000
__Ltemp                                         temp         000000
__Ltext                                         text         000000
__Ltext0                                        text0        000000
__Ltext1                                        text1        000000
__Ltext10                                       text10       000000
__Ltext11                                       text11       000000
__Ltext12                                       text12       000000
__Ltext13                                       text13       000000
__Ltext14                                       text14       000000
__Ltext15                                       text15       000000
__Ltext16                                       text16       000000
__Ltext17                                       text17       000000
__Ltext18                                       text18       000000
__Ltext19                                       text19       000000
__Ltext2                                        text2        000000
__Ltext20                                       text20       000000
__Ltext21                                       text21       000000
__Ltext22                                       text22       000000
__Ltext23                                       text23       000000
__Ltext24                                       text24       000000
__Ltext25                                       text25       000000
__Ltext26                                       text26       000000
__Ltext27                                       text27       000000
__Ltext28                                       text28       000000
__Ltext29                                       text29       000000
__Ltext3                                        text3        000000
__Ltext30                                       text30       000000
__Ltext31                                       text31       000000
__Ltext32                                       text32       000000
__Ltext33                                       text33       000000
__Ltext34                                       text34       000000
__Ltext35                                       text35       000000
__Ltext36                                       text36       000000
__Ltext37                                       text37       000000
__Ltext38                                       text38       000000
__Ltext39                                       text39       000000
__Ltext4                                        text4        000000
__Ltext40                                       text40       000000
__Ltext41                                       text41       000000
__Ltext5                                        text5        000000
__Ltext6                                        text6        000000
__Ltext7                                        text7        000000
__Ltext8                                        text8        000000
__Ltext9                                        text9        000000
__S0                                            (abs)        30000E
__S1                                            (abs)        0000F2
__S2                                            (abs)        000000
___aodiv                                        text10       00E626
___aodiv@counter                                cstackCOMRAM 000011
___aodiv@dividend                               cstackCOMRAM 000001
___aodiv@divisor                                cstackCOMRAM 000009
___aodiv@quotient                               cstackCOMRAM 000013
___aodiv@sign                                   cstackCOMRAM 000012
___aomod                                        text9        00E4C2
___aomod@counter                                cstackCOMRAM 000011
___aomod@dividend                               cstackCOMRAM 000001
___aomod@divisor                                cstackCOMRAM 000009
___aomod@sign                                   cstackCOMRAM 000012
___inthi_sp                                     stack        000000
___intlo_sp                                     stack        000000
___lodiv                                        text6        00E3D2
___lodiv@counter                                cstackCOMRAM 000019
___lodiv@dividend                               cstackCOMRAM 000001
___lodiv@divisor                                cstackCOMRAM 000009
___lodiv@quotient                               cstackCOMRAM 000011
___lomod                                        text5        00E302
___lomod@counter                                cstackCOMRAM 000011
___lomod@dividend                               cstackCOMRAM 000001
___lomod@divisor                                cstackCOMRAM 000009
___param_bank                                   (abs)        000000
___rparam_used                                  (abs)        000001
___sp                                           stack        000000
___wmul                                         text21       00DE9C
___wmul@multiplicand                            cstackCOMRAM 000003
___wmul@multiplier                              cstackCOMRAM 000001
___wmul@product                                 cstackCOMRAM 000005
__accesstop                                     (abs)        000060
__activetblptr                                  (abs)        000003
__end_of_ADC_GetConversionResult                text41       00DD8A
__end_of_ADC_Initialize                         text35       00DDF0
__end_of_ADC_IsConversionDone                   text40       00DD9E
__end_of_ADC_SelectChannel                      text39       00DE4A
__end_of_ADC_StartConversion                    text38       00DD44
__end_of_EUSART1_Initialize                     text31       00E012
__end_of_EUSART1_Read                           text37       00DEEA
__end_of_EUSART1_SetErrorHandler                text34       00DD4E
__end_of_EUSART1_SetFramingErrorHandler         text33       00DD58
__end_of_EUSART1_SetOverrunErrorHandler         text32       00DD62
__end_of_EUSART1_Write                          text17       00DE32
__end_of_EUSART1_is_rx_ready                    text36       00DDB2
__end_of_OSCILLATOR_Initialize                  text30       00DE7E
__end_of_PIN_MANAGER_Initialize                 text29       00DF3C
__end_of_SYSTEM_Initialize                      text27       00DE06
__end_of_TMR0_HasOverflowOccured                text26       00DDC6
__end_of_TMR0_Initialize                        text28       00DF66
__end_of_TMR0_ReadTimer                         text25       00DE9C
__end_of_TMR0_WriteTimer                        text24       00DD6C
__end_of___aodiv                                text10       00E7AE
__end_of___aomod                                text9        00E626
__end_of___lodiv                                text6        00E4C2
__end_of___lomod                                text5        00E3D2
__end_of___wmul                                 text21       00DEC2
__end_of__initialization                        cinit        00DDD4
__end_of_abs                                    text8        00E052
__end_of_atoi                                   text18       00E948
__end_of_ctoa                                   text11       00E142
__end_of_dtoa                                   text7        00EE2C
__end_of_fputc                                  text15       00E23C
__end_of_fputs                                  text14       00E096
__end_of_isdigit                                text20       00DFD4
__end_of_isspace                                text19       00E0E8
__end_of_main                                   text0        00F9B0
__end_of_noteOn                                 text22       00DE1C
__end_of_pad                                    text12       00E302
__end_of_printf                                 text1        00DF12
__end_of_putByteSCI                             text23       00DE62
__end_of_putch                                  text16       00DD76
__end_of_strlen                                 text13       00DF9C
__end_of_utoa                                   text4        00EB4A
__end_of_vfpfcnvrt                              text3        00F206
__end_of_vfprintf                               text2        00E1A6
__initialization                                cinit        00DDC6
__mediumconst                                   mediumconst  00F9B0
__pbssBANK0                                     bssBANK0     0000C0
__pbssCOMRAM                                    bssCOMRAM    00005F
__pcinit                                        cinit        00DDC6
__pcstackBANK0                                  cstackBANK0  000060
__pcstackCOMRAM                                 cstackCOMRAM 000001
__pmediumconst                                  mediumconst  00F9B0
__ptext0                                        text0        00F206
__ptext1                                        text1        00DEEA
__ptext10                                       text10       00E626
__ptext11                                       text11       00E0E8
__ptext12                                       text12       00E23C
__ptext13                                       text13       00DF66
__ptext14                                       text14       00E052
__ptext15                                       text15       00E1A6
__ptext16                                       text16       00DD6C
__ptext17                                       text17       00DE1C
__ptext18                                       text18       00E7AE
__ptext19                                       text19       00E096
__ptext2                                        text2        00E142
__ptext20                                       text20       00DF9C
__ptext21                                       text21       00DE9C
__ptext22                                       text22       00DE06
__ptext23                                       text23       00DE4A
__ptext24                                       text24       00DD62
__ptext25                                       text25       00DE7E
__ptext26                                       text26       00DDB2
__ptext27                                       text27       00DDF0
__ptext28                                       text28       00DF3C
__ptext29                                       text29       00DF12
__ptext3                                        text3        00EE2C
__ptext30                                       text30       00DE62
__ptext31                                       text31       00DFD4
__ptext32                                       text32       00DD58
__ptext33                                       text33       00DD4E
__ptext34                                       text34       00DD44
__ptext35                                       text35       00DDDA
__ptext36                                       text36       00DD9E
__ptext37                                       text37       00DEC2
__ptext38                                       text38       00DD40
__ptext39                                       text39       00DE32
__ptext4                                        text4        00E948
__ptext40                                       text40       00DD8A
__ptext41                                       text41       00DD76
__ptext5                                        text5        00E302
__ptext6                                        text6        00E3D2
__ptext7                                        text7        00EB4A
__ptext8                                        text8        00E012
__ptext9                                        text9        00E4C2
__ramtop                                        ramtop       001000
__size_of_ADC_GetConversionResult               (abs)        000000
__size_of_ADC_Initialize                        (abs)        000000
__size_of_ADC_IsConversionDone                  (abs)        000000
__size_of_ADC_SelectChannel                     (abs)        000000
__size_of_ADC_StartConversion                   (abs)        000000
__size_of_EUSART1_Initialize                    (abs)        000000
__size_of_EUSART1_Read                          (abs)        000000
__size_of_EUSART1_SetErrorHandler               (abs)        000000
__size_of_EUSART1_SetFramingErrorHandler        (abs)        000000
__size_of_EUSART1_SetOverrunErrorHandler        (abs)        000000
__size_of_EUSART1_Write                         (abs)        000000
__size_of_EUSART1_is_rx_ready                   (abs)        000000
__size_of_OSCILLATOR_Initialize                 (abs)        000000
__size_of_PIN_MANAGER_Initialize                (abs)        000000
__size_of_SYSTEM_Initialize                     (abs)        000000
__size_of_TMR0_HasOverflowOccured               (abs)        000000
__size_of_TMR0_Initialize                       (abs)        000000
__size_of_TMR0_ReadTimer                        (abs)        000000
__size_of_TMR0_WriteTimer                       (abs)        000000
__size_of___aodiv                               (abs)        000000
__size_of___aomod                               (abs)        000000
__size_of___lodiv                               (abs)        000000
__size_of___lomod                               (abs)        000000
__size_of___wmul                                (abs)        000000
__size_of_abs                                   (abs)        000000
__size_of_atoi                                  (abs)        000000
__size_of_ctoa                                  (abs)        000000
__size_of_dtoa                                  (abs)        000000
__size_of_fputc                                 (abs)        000000
__size_of_fputs                                 (abs)        000000
__size_of_isdigit                               (abs)        000000
__size_of_isspace                               (abs)        000000
__size_of_main                                  (abs)        000000
__size_of_noteOn                                (abs)        000000
__size_of_pad                                   (abs)        000000
__size_of_printf                                (abs)        000000
__size_of_putByteSCI                            (abs)        000000
__size_of_putch                                 (abs)        000000
__size_of_strlen                                (abs)        000000
__size_of_utoa                                  (abs)        000000
__size_of_vfpfcnvrt                             (abs)        000000
__size_of_vfprintf                              (abs)        000000
__smallconst                                    smallconst   000000
_abs                                            text8        00E012
_atoi                                           text18       00E7AE
_atoi$1516                                      cstackCOMRAM 000010
_atoi$1517                                      cstackCOMRAM 000014
_atoi$1518                                      cstackCOMRAM 000012
_ctoa                                           text11       00E0E8
_dbuf                                           bssBANK0     0000D2
_dtoa                                           text7        00EB4A
_dtoa$1036                                      cstackCOMRAM 000030
_eusart1RxLastError                             bssCOMRAM    00005F
_flags                                          bssBANK0     0000C6
_fputc                                          text15       00E1A6
_fputs                                          text14       00E052
_isdigit                                        text20       00DF9C
_isspace                                        text19       00E096
_isspace$1534                                   cstackCOMRAM 000007
_main                                           text0        00F206
_noteOn                                         text22       00DE06
_nout                                           bssBANK0     0000C0
_pad                                            text12       00E23C
_prec                                           bssBANK0     0000C4
_printf                                         text1        00DEEA
_putByteSCI                                     text23       00DE4A
_putch                                          text16       00DD6C
_strlen                                         text13       00DF66
_timer0ReloadVal                                bssBANK0     0000D0
_utoa                                           text4        00E948
_vfpfcnvrt                                      text3        00EE2C
_vfpfcnvrt$1057                                 cstackCOMRAM 00005C
_vfprintf                                       text2        00E142
_width                                          bssBANK0     0000C2
abs@a                                           cstackCOMRAM 000013
atoi@n                                          cstackCOMRAM 000015
atoi@neg                                        cstackCOMRAM 00000E
atoi@s                                          cstackCOMRAM 000008
ctoa@c                                          cstackCOMRAM 000020
ctoa@fp                                         cstackCOMRAM 00001E
ctoa@w                                          cstackCOMRAM 000021
dtoa@d                                          cstackCOMRAM 000020
dtoa@fp                                         cstackCOMRAM 00001E
dtoa@i                                          cstackCOMRAM 000040
dtoa@n                                          cstackCOMRAM 000038
dtoa@p                                          cstackCOMRAM 000032
dtoa@s                                          cstackCOMRAM 000036
dtoa@w                                          cstackCOMRAM 000034
end_of_initialization                           cinit        00DDD4
fputc@c                                         cstackCOMRAM 000003
fputc@fp                                        cstackCOMRAM 000005
fputs@c                                         cstackCOMRAM 000010
fputs@fp                                        cstackCOMRAM 00000E
fputs@i                                         cstackCOMRAM 000011
fputs@s                                         cstackCOMRAM 00000C
intlevel0                                       text         000000
intlevel1                                       text         000000
intlevel2                                       text         000000
intlevel3                                       text         000000
isdigit@c                                       cstackCOMRAM 000001
isspace@c                                       cstackCOMRAM 000001
main@cmd                                        cstackBANK0  0000BA
main@delta                                      cstackBANK0  0000BB
main@i                                          cstackBANK0  0000BF
main@instrument                                 cstackBANK0  0000B7
main@nominalHallPressed                         cstackBANK0  0000B8
main@nominalHallUnPressed                       cstackBANK0  0000B9
main@pitch                                      cstackBANK0  0000BC
main@sample                                     cstackBANK0  000077
main@sampleRate                                 cstackBANK0  0000BD
noteOn@cmd                                      cstackCOMRAM 000004
noteOn@pitch                                    cstackCOMRAM 000002
noteOn@velocity                                 cstackCOMRAM 000003
pad@buf                                         cstackCOMRAM 000015
pad@fp                                          cstackCOMRAM 000013
pad@i                                           cstackCOMRAM 00001A
pad@p                                           cstackCOMRAM 000017
pad@w                                           cstackCOMRAM 00001C
printf@ap                                       cstackBANK0  000070
printf@fmt                                      cstackBANK0  000068
putByteSCI@writeByte                            cstackCOMRAM 000001
putch@txData                                    cstackCOMRAM 000002
stackhi                                         (abs)        000F37
stacklo                                         (abs)        0000F2
start                                           init         000000
start_initialization                            cinit        00DDC6
strlen@a                                        cstackCOMRAM 000003
strlen@s                                        cstackCOMRAM 000001
utoa@d                                          cstackCOMRAM 000020
utoa@fp                                         cstackCOMRAM 00001E
utoa@i                                          cstackCOMRAM 00003C
utoa@n                                          cstackCOMRAM 000034
utoa@p                                          cstackCOMRAM 000030
utoa@w                                          cstackCOMRAM 000032
vfpfcnvrt@ap                                    cstackCOMRAM 000046
vfpfcnvrt@c                                     cstackCOMRAM 00005E
vfpfcnvrt@fmt                                   cstackCOMRAM 000044
vfpfcnvrt@fp                                    cstackCOMRAM 000042
vfpfcnvrt@ll                                    cstackCOMRAM 00004C
vfpfcnvrt@llu                                   cstackCOMRAM 000054
vfprintf@ap                                     cstackBANK0  000064
vfprintf@cfmt                                   cstackBANK0  000066
vfprintf@fmt                                    cstackBANK0  000062
vfprintf@fp                                     cstackBANK0  000060


FUNCTION INFORMATION:

 *************** function _main *****************
 Defined at:
		line 37 in file "main.c"
 Parameters:    Size  Location     Type
		None
 Auto vars:     Size  Location     Type
  sample         64   23[BANK0 ] unsigned char [64]
  sampleRate      2   93[BANK0 ] unsigned short 
  i               1   95[BANK0 ] unsigned char 
  pitch           1   92[BANK0 ] unsigned char 
  delta           1   91[BANK0 ] unsigned char 
  cmd             1   90[BANK0 ] unsigned char 
  nominalHallU    1   89[BANK0 ] unsigned char 
  nominalHallP    1   88[BANK0 ] unsigned char 
  instrument      1   87[BANK0 ] unsigned char 
 Return value:  Size  Location     Type
                  1    wreg      void 
 Registers used:
		wreg, fsr1l, fsr1h, fsr2l, fsr2h, status,2, status,0, tblptrl, tblptrh, tblptru, prodl, prodh, cstack
 Tracked objects:
		On entry : 
		On exit  : 
		Unchanged: 
 Data sizes:     COMRAM   BANK0   BANK1   BANK2   BANK3   BANK4   BANK5   BANK6   BANK7   BANK8   BANK9  BANK10  BANK11  BANK12  BANK13  BANK14  BANK15
      Params:         0       0       0       0       0       0       0       0       0       0       0       0       0       0       0       0       0
      Locals:         0      73       0       0       0       0       0       0       0       0       0       0       0       0       0       0       0
      Temps:          0       5       0       0       0       0       0       0       0       0       0       0       0       0       0       0       0
      Totals:         0      78       0       0       0       0       0       0       0       0       0       0       0       0       0       0       0
Total ram usage:       78 bytes
 Hardware stack levels required when called:    9
 This function calls:
		_ADC_GetConversionResult
		_ADC_IsConversionDone
		_ADC_SelectChannel
		_ADC_StartConversion
		_EUSART1_Read
		_EUSART1_is_rx_ready
		_SYSTEM_Initialize
		_TMR0_HasOverflowOccured
		_TMR0_ReadTimer
		_TMR0_WriteTimer
		_noteOn
		_printf
		_putByteSCI
 This function is called by:
		Startup code after reset
 This function uses a non-reentrant model


 *************** function _printf *****************
 Defined at:
		line 5 in file "C:\Program Files (x86)\Microchip\xc8\v2.10\pic\sources\c99\common\printf.c"
 Parameters:    Size  Location     Type
  fmt             2    8[BANK0 ] PTR const unsigned char 
		 -> STR_58(17), STR_57(50), STR_56(25), STR_55(38), 
		 -> STR_54(41), STR_53(42), STR_52(67), STR_51(68), 
		 -> STR_50(52), STR_49(48), STR_48(42), STR_47(26), 
		 -> STR_46(31), STR_45(35), STR_44(37), STR_43(15), 
		 -> STR_42(27), STR_41(24), STR_40(23), STR_39(20), 
		 -> STR_38(23), STR_37(26), STR_36(38), STR_35(29), 
		 -> STR_34(20), STR_33(3), STR_32(5), STR_31(19), 
		 -> STR_30(19), STR_29(41), STR_28(17), STR_27(36), 
		 -> STR_26(72), STR_25(38), STR_24(74), STR_23(2), 
		 -> STR_22(2), STR_21(13), STR_20(52), STR_19(27), 
		 -> STR_18(68), STR_17(49), STR_16(48), STR_15(38), 
		 -> STR_14(33), STR_13(25), STR_12(22), STR_11(7), 
		 -> STR_10(15), STR_9(52), STR_8(41), STR_7(17), 
		 -> STR_6(23), STR_5(52), STR_4(5), STR_3(22), 
		 -> STR_2(21), STR_1(20), 
 Auto vars:     Size  Location     Type
  ap              2   16[BANK0 ] PTR void [1]
		 -> ?_printf(2), 
  ret             2    0        int 
 Return value:  Size  Location     Type
                  2    8[BANK0 ] int 
 Registers used:
		wreg, fsr1l, fsr1h, fsr2l, fsr2h, status,2, status,0, tblptrl, tblptrh, tblptru, prodl, prodh, cstack
 Tracked objects:
		On entry : 
		On exit  : 
		Unchanged: 
 Data sizes:     COMRAM   BANK0   BANK1   BANK2   BANK3   BANK4   BANK5   BANK6   BANK7   BANK8   BANK9  BANK10  BANK11  BANK12  BANK13  BANK14  BANK15
      Params:         0       6       0       0       0       0       0       0       0       0       0       0       0       0       0       0       0
      Locals:         0       4       0       0       0       0       0       0       0       0       0       0       0       0       0       0       0
      Temps:          0       0       0       0       0       0       0       0       0       0       0       0       0       0       0       0       0
      Totals:         0      10       0       0       0       0       0       0       0       0       0       0       0       0       0       0       0
Total ram usage:       10 bytes
 Hardware stack levels used:    1
 Hardware stack levels required when called:    8
 This function calls:
		_vfprintf
 This function is called by:
		_main
 This function uses a non-reentrant model


 *************** function _vfprintf *****************
 Defined at:
		line 1368 in file "C:\Program Files (x86)\Microchip\xc8\v2.10\pic\sources\c99\common\doprnt.c"
 Parameters:    Size  Location     Type
  fp              2    0[BANK0 ] PTR struct _IO_FILE
		 -> NULL(0), 
  fmt             2    2[BANK0 ] PTR const unsigned char 
		 -> STR_58(17), STR_57(50), STR_56(25), STR_55(38), 
		 -> STR_54(41), STR_53(42), STR_52(67), STR_51(68), 
		 -> STR_50(52), STR_49(48), STR_48(42), STR_47(26), 
		 -> STR_46(31), STR_45(35), STR_44(37), STR_43(15), 
		 -> STR_42(27), STR_41(24), STR_40(23), STR_39(20), 
		 -> STR_38(23), STR_37(26), STR_36(38), STR_35(29), 
		 -> STR_34(20), STR_33(3), STR_32(5), STR_31(19), 
		 -> STR_30(19), STR_29(41), STR_28(17), STR_27(36), 
		 -> STR_26(72), STR_25(38), STR_24(74), STR_23(2), 
		 -> STR_22(2), STR_21(13), STR_20(52), STR_19(27), 
		 -> STR_18(68), STR_17(49), STR_16(48), STR_15(38), 
		 -> STR_14(33), STR_13(25), STR_12(22), STR_11(7), 
		 -> STR_10(15), STR_9(52), STR_8(41), STR_7(17), 
		 -> STR_6(23), STR_5(52), STR_4(5), STR_3(22), 
		 -> STR_2(21), STR_1(20), 
  ap              2    4[BANK0 ] PTR PTR void 
		 -> printf@ap(2), 
 Auto vars:     Size  Location     Type
  cfmt            2    6[BANK0 ] PTR unsigned char 
		 -> STR_58(17), STR_57(50), STR_56(25), STR_55(38), 
		 -> STR_54(41), STR_53(42), STR_52(67), STR_51(68), 
		 -> STR_50(52), STR_49(48), STR_48(42), STR_47(26), 
		 -> STR_46(31), STR_45(35), STR_44(37), STR_43(15), 
		 -> STR_42(27), STR_41(24), STR_40(23), STR_39(20), 
		 -> STR_38(23), STR_37(26), STR_36(38), STR_35(29), 
		 -> STR_34(20), STR_33(3), STR_32(5), STR_31(19), 
		 -> STR_30(19), STR_29(41), STR_28(17), STR_27(36), 
		 -> STR_26(72), STR_25(38), STR_24(74), STR_23(2), 
		 -> STR_22(2), STR_21(13), STR_20(52), STR_19(27), 
		 -> STR_18(68), STR_17(49), STR_16(48), STR_15(38), 
		 -> STR_14(33), STR_13(25), STR_12(22), STR_11(7), 
		 -> STR_10(15), STR_9(52), STR_8(41), STR_7(17), 
		 -> STR_6(23), STR_5(52), STR_4(5), STR_3(22), 
		 -> STR_2(21), STR_1(20), 
 Return value:  Size  Location     Type
                  2    0[BANK0 ] int 
 Registers used:
		wreg, fsr1l, fsr1h, fsr2l, fsr2h, status,2, status,0, tblptrl, tblptrh, tblptru, prodl, prodh, cstack
 Tracked objects:
		On entry : 
		On exit  : 
		Unchanged: 
 Data sizes:     COMRAM   BANK0   BANK1   BANK2   BANK3   BANK4   BANK5   BANK6   BANK7   BANK8   BANK9  BANK10  BANK11  BANK12  BANK13  BANK14  BANK15
      Params:         0       6       0       0       0       0       0       0       0       0       0       0       0       0       0       0       0
      Locals:         0       2       0       0       0       0       0       0       0       0       0       0       0       0       0       0       0
      Temps:          0       0       0       0       0       0       0       0       0       0       0       0       0       0       0       0       0
      Totals:         0       8       0       0       0       0       0       0       0       0       0       0       0       0       0       0       0
Total ram usage:        8 bytes
 Hardware stack levels used:    1
 Hardware stack levels required when called:    7
 This function calls:
		_vfpfcnvrt
 This function is called by:
		_printf
 This function uses a non-reentrant model


 *************** function _vfpfcnvrt *****************
 Defined at:
		line 670 in file "C:\Program Files (x86)\Microchip\xc8\v2.10\pic\sources\c99\common\doprnt.c"
 Parameters:    Size  Location     Type
  fp              2   65[COMRAM] PTR struct _IO_FILE
		 -> NULL(0), 
  fmt             2   67[COMRAM] PTR PTR unsigned char 
		 -> vfprintf@cfmt(2), 
  ap              2   69[COMRAM] PTR PTR void 
		 -> printf@ap(2), 
 Auto vars:     Size  Location     Type
  llu             8   83[COMRAM] unsigned long long 
  ll              8   75[COMRAM] long long 
  f               4    0        long long 
  vp              3    0        PTR void 
  ct              3    0        unsigned char [3]
  cp              3    0        PTR unsigned char 
  i               2    0        int 
  done            2    0        int 
  c               1   93[COMRAM] unsigned char 
 Return value:  Size  Location     Type
                  2   65[COMRAM] int 
 Registers used:
		wreg, fsr1l, fsr1h, fsr2l, fsr2h, status,2, status,0, tblptrl, tblptrh, tblptru, prodl, prodh, cstack
 Tracked objects:
		On entry : 
		On exit  : 
		Unchanged: 
 Data sizes:     COMRAM   BANK0   BANK1   BANK2   BANK3   BANK4   BANK5   BANK6   BANK7   BANK8   BANK9  BANK10  BANK11  BANK12  BANK13  BANK14  BANK15
      Params:         6       0       0       0       0       0       0       0       0       0       0       0       0       0       0       0       0
      Locals:        19       0       0       0       0       0       0       0       0       0       0       0       0       0       0       0       0
      Temps:          4       0       0       0       0       0       0       0       0       0       0       0       0       0       0       0       0
      Totals:        29       0       0       0       0       0       0       0       0       0       0       0       0       0       0       0       0
Total ram usage:       29 bytes
 Hardware stack levels used:    1
 Hardware stack levels required when called:    6
 This function calls:
		_atoi
		_ctoa
		_dtoa
		_fputc
		_isdigit
		_utoa
 This function is called by:
		_vfprintf
 This function uses a non-reentrant model


 *************** function _utoa *****************
 Defined at:
		line 593 in file "C:\Program Files (x86)\Microchip\xc8\v2.10\pic\sources\c99\common\doprnt.c"
 Parameters:    Size  Location     Type
  fp              2   29[COMRAM] PTR struct _IO_FILE
		 -> NULL(0), 
  d               8   31[COMRAM] unsigned long long 
 Auto vars:     Size  Location     Type
  n               8   51[COMRAM] unsigned long long 
  i               2   59[COMRAM] int 
  w               2   49[COMRAM] int 
  p               2   47[COMRAM] int 
 Return value:  Size  Location     Type
                  2   29[COMRAM] int 
 Registers used:
		wreg, fsr1l, fsr1h, fsr2l, fsr2h, status,2, status,0, cstack
 Tracked objects:
		On entry : 
		On exit  : 
		Unchanged: 
 Data sizes:     COMRAM   BANK0   BANK1   BANK2   BANK3   BANK4   BANK5   BANK6   BANK7   BANK8   BANK9  BANK10  BANK11  BANK12  BANK13  BANK14  BANK15
      Params:        10       0       0       0       0       0       0       0       0       0       0       0       0       0       0       0       0
      Locals:        14       0       0       0       0       0       0       0       0       0       0       0       0       0       0       0       0
      Temps:          8       0       0       0       0       0       0       0       0       0       0       0       0       0       0       0       0
      Totals:        32       0       0       0       0       0       0       0       0       0       0       0       0       0       0       0       0
Total ram usage:       32 bytes
 Hardware stack levels used:    1
 Hardware stack levels required when called:    5
 This function calls:
		___lodiv
		___lomod
		_pad
 This function is called by:
		_vfpfcnvrt
 This function uses a non-reentrant model


 *************** function ___lomod *****************
 Defined at:
		line 9 in file "C:\Program Files (x86)\Microchip\xc8\v2.10\pic\sources\c99\common\lomod.c"
 Parameters:    Size  Location     Type
  dividend        8    0[COMRAM] unsigned long long 
  divisor         8    8[COMRAM] unsigned long long 
 Auto vars:     Size  Location     Type
  counter         1   16[COMRAM] unsigned char 
 Return value:  Size  Location     Type
                  8    0[COMRAM] unsigned long long 
 Registers used:
		wreg, status,2, status,0
 Tracked objects:
		On entry : 
		On exit  : 
		Unchanged: 
 Data sizes:     COMRAM   BANK0   BANK1   BANK2   BANK3   BANK4   BANK5   BANK6   BANK7   BANK8   BANK9  BANK10  BANK11  BANK12  BANK13  BANK14  BANK15
      Params:        16       0       0       0       0       0       0       0       0       0       0       0       0       0       0       0       0
      Locals:         1       0       0       0       0       0       0       0       0       0       0       0       0       0       0       0       0
      Temps:          0       0       0       0       0       0       0       0       0       0       0       0       0       0       0       0       0
      Totals:        17       0       0       0       0       0       0       0       0       0       0       0       0       0       0       0       0
Total ram usage:       17 bytes
 Hardware stack levels used:    1
 This function calls:
		Nothing
 This function is called by:
		_utoa
 This function uses a non-reentrant model


 *************** function ___lodiv *****************
 Defined at:
		line 9 in file "C:\Program Files (x86)\Microchip\xc8\v2.10\pic\sources\c99\common\lodiv.c"
 Parameters:    Size  Location     Type
  dividend        8    0[COMRAM] unsigned long long 
  divisor         8    8[COMRAM] unsigned long long 
 Auto vars:     Size  Location     Type
  quotient        8   16[COMRAM] unsigned long long 
  counter         1   24[COMRAM] unsigned char 
 Return value:  Size  Location     Type
                  8    0[COMRAM] unsigned long long 
 Registers used:
		wreg, fsr2l, fsr2h, status,2, status,0
 Tracked objects:
		On entry : 
		On exit  : 
		Unchanged: 
 Data sizes:     COMRAM   BANK0   BANK1   BANK2   BANK3   BANK4   BANK5   BANK6   BANK7   BANK8   BANK9  BANK10  BANK11  BANK12  BANK13  BANK14  BANK15
      Params:        16       0       0       0       0       0       0       0       0       0       0       0       0       0       0       0       0
      Locals:         9       0       0       0       0       0       0       0       0       0       0       0       0       0       0       0       0
      Temps:          0       0       0       0       0       0       0       0       0       0       0       0       0       0       0       0       0
      Totals:        25       0       0       0       0       0       0       0       0       0       0       0       0       0       0       0       0
Total ram usage:       25 bytes
 Hardware stack levels used:    1
 This function calls:
		Nothing
 This function is called by:
		_utoa
 This function uses a non-reentrant model


 *************** function _dtoa *****************
 Defined at:
		line 274 in file "C:\Program Files (x86)\Microchip\xc8\v2.10\pic\sources\c99\common\doprnt.c"
 Parameters:    Size  Location     Type
  fp              2   29[COMRAM] PTR struct _IO_FILE
		 -> NULL(0), 
  d               8   31[COMRAM] long long 
 Auto vars:     Size  Location     Type
  n               8   55[COMRAM] long long 
  i               2   63[COMRAM] int 
  s               2   53[COMRAM] int 
  w               2   51[COMRAM] int 
  p               2   49[COMRAM] int 
 Return value:  Size  Location     Type
                  2   29[COMRAM] int 
 Registers used:
		wreg, fsr1l, fsr1h, fsr2l, fsr2h, status,2, status,0, cstack
 Tracked objects:
		On entry : 
		On exit  : 
		Unchanged: 
 Data sizes:     COMRAM   BANK0   BANK1   BANK2   BANK3   BANK4   BANK5   BANK6   BANK7   BANK8   BANK9  BANK10  BANK11  BANK12  BANK13  BANK14  BANK15
      Params:        10       0       0       0       0       0       0       0       0       0       0       0       0       0       0       0       0
      Locals:        18       0       0       0       0       0       0       0       0       0       0       0       0       0       0       0       0
      Temps:          8       0       0       0       0       0       0       0       0       0       0       0       0       0       0       0       0
      Totals:        36       0       0       0       0       0       0       0       0       0       0       0       0       0       0       0       0
Total ram usage:       36 bytes
 Hardware stack levels used:    1
 Hardware stack levels required when called:    5
 This function calls:
		___aodiv
		___aomod
		_abs
		_pad
 This function is called by:
		_vfpfcnvrt
 This function uses a non-reentrant model


 *************** function _abs *****************
 Defined at:
		line 1 in file "C:\Program Files (x86)\Microchip\xc8\v2.10\pic\sources\c99\common\abs.c"
 Parameters:    Size  Location     Type
  a               2   18[COMRAM] int 
 Auto vars:     Size  Location     Type
		None
 Return value:  Size  Location     Type
                  2   18[COMRAM] int 
 Registers used:
		wreg, status,2, status,0
 Tracked objects:
		On entry : 
		On exit  : 
		Unchanged: 
 Data sizes:     COMRAM   BANK0   BANK1   BANK2   BANK3   BANK4   BANK5   BANK6   BANK7   BANK8   BANK9  BANK10  BANK11  BANK12  BANK13  BANK14  BANK15
      Params:         2       0       0       0       0       0       0       0       0       0       0       0       0       0       0       0       0
      Locals:         0       0       0       0       0       0       0       0       0       0       0       0       0       0       0       0       0
      Temps:          2       0       0       0       0       0       0       0       0       0       0       0       0       0       0       0       0
      Totals:         4       0       0       0       0       0       0       0       0       0       0       0       0       0       0       0       0
Total ram usage:        4 bytes
 Hardware stack levels used:    1
 This function calls:
		Nothing
 This function is called by:
		_dtoa
 This function uses a non-reentrant model


 *************** function ___aomod *****************
 Defined at:
		line 9 in file "C:\Program Files (x86)\Microchip\xc8\v2.10\pic\sources\c99\common\aomod.c"
 Parameters:    Size  Location     Type
  dividend        8    0[COMRAM] long long 
  divisor         8    8[COMRAM] long long 
 Auto vars:     Size  Location     Type
  sign            1   17[COMRAM] unsigned char 
  counter         1   16[COMRAM] unsigned char 
 Return value:  Size  Location     Type
                  8    0[COMRAM] long long 
 Registers used:
		wreg, status,2, status,0
 Tracked objects:
		On entry : 
		On exit  : 
		Unchanged: 
 Data sizes:     COMRAM   BANK0   BANK1   BANK2   BANK3   BANK4   BANK5   BANK6   BANK7   BANK8   BANK9  BANK10  BANK11  BANK12  BANK13  BANK14  BANK15
      Params:        16       0       0       0       0       0       0       0       0       0       0       0       0       0       0       0       0
[...]
		On exit  : 
		Unchanged: 
 Data sizes:     COMRAM   BANK0   BANK1   BANK2   BANK3   BANK4   BANK5   BANK6   BANK7   BANK8   BANK9  BANK10  BANK11  BANK12  BANK13  BANK14  BANK15
      Params:         0       0       0       0       0       0       0       0       0       0       0       0       0       0       0       0       0
      Locals:         0       0       0       0       0       0       0       0       0       0       0       0       0       0       0       0       0
      Temps:          0       0       0       0       0       0       0       0       0       0       0       0       0       0       0       0       0
      Totals:         0       0       0       0       0       0       0       0       0       0       0       0       0       0       0       0       0
Total ram usage:        0 bytes
 Hardware stack levels used:    1
 Hardware stack levels required when called:    1
 This function calls:
		_EUSART1_SetErrorHandler
		_EUSART1_SetFramingErrorHandler
		_EUSART1_SetOverrunErrorHandler
 This function is called by:
		_SYSTEM_Initialize
 This function uses a non-reentrant model


 *************** function _EUSART1_SetOverrunErrorHandler *****************
 Defined at:
		line 170 in file "mcc_generated_files/eusart1.c"
 Parameters:    Size  Location     Type
  interruptHan    2    0[COMRAM] PTR FTN()void 
		 -> EUSART1_DefaultOverrunErrorHandler(1), 
 Auto vars:     Size  Location     Type
		None
 Return value:  Size  Location     Type
                  1    wreg      void 
 Registers used:
		wreg, status,2, status,0
 Tracked objects:
		On entry : 
		On exit  : 
		Unchanged: 
 Data sizes:     COMRAM   BANK0   BANK1   BANK2   BANK3   BANK4   BANK5   BANK6   BANK7   BANK8   BANK9  BANK10  BANK11  BANK12  BANK13  BANK14  BANK15
      Params:         2       0       0       0       0       0       0       0       0       0       0       0       0       0       0       0       0
      Locals:         0       0       0       0       0       0       0       0       0       0       0       0       0       0       0       0       0
      Temps:          0       0       0       0       0       0       0       0       0       0       0       0       0       0       0       0       0
      Totals:         2       0       0       0       0       0       0       0       0       0       0       0       0       0       0       0       0
Total ram usage:        2 bytes
 Hardware stack levels used:    1
 This function calls:
		Nothing
 This function is called by:
		_EUSART1_Initialize
 This function uses a non-reentrant model


 *************** function _EUSART1_SetFramingErrorHandler *****************
 Defined at:
		line 166 in file "mcc_generated_files/eusart1.c"
 Parameters:    Size  Location     Type
  interruptHan    2    0[COMRAM] PTR FTN()void 
		 -> EUSART1_DefaultFramingErrorHandler(1), 
 Auto vars:     Size  Location     Type
		None
 Return value:  Size  Location     Type
                  1    wreg      void 
 Registers used:
		wreg, status,2, status,0
 Tracked objects:
		On entry : 
		On exit  : 
		Unchanged: 
 Data sizes:     COMRAM   BANK0   BANK1   BANK2   BANK3   BANK4   BANK5   BANK6   BANK7   BANK8   BANK9  BANK10  BANK11  BANK12  BANK13  BANK14  BANK15
      Params:         2       0       0       0       0       0       0       0       0       0       0       0       0       0       0       0       0
      Locals:         0       0       0       0       0       0       0       0       0       0       0       0       0       0       0       0       0
      Temps:          0       0       0       0       0       0       0       0       0       0       0       0       0       0       0       0       0
      Totals:         2       0       0       0       0       0       0       0       0       0       0       0       0       0       0       0       0
Total ram usage:        2 bytes
 Hardware stack levels used:    1
 This function calls:
		Nothing
 This function is called by:
		_EUSART1_Initialize
 This function uses a non-reentrant model


 *************** function _EUSART1_SetErrorHandler *****************
 Defined at:
		line 174 in file "mcc_generated_files/eusart1.c"
 Parameters:    Size  Location     Type
  interruptHan    2    0[COMRAM] PTR FTN()void 
		 -> EUSART1_DefaultErrorHandler(1), 
 Auto vars:     Size  Location     Type
		None
 Return value:  Size  Location     Type
                  1    wreg      void 
 Registers used:
		wreg, status,2, status,0
 Tracked objects:
		On entry : 
		On exit  : 
		Unchanged: 
 Data sizes:     COMRAM   BANK0   BANK1   BANK2   BANK3   BANK4   BANK5   BANK6   BANK7   BANK8   BANK9  BANK10  BANK11  BANK12  BANK13  BANK14  BANK15
      Params:         2       0       0       0       0       0       0       0       0       0       0       0       0       0       0       0       0
      Locals:         0       0       0       0       0       0       0       0       0       0       0       0       0       0       0       0       0
      Temps:          0       0       0       0       0       0       0       0       0       0       0       0       0       0       0       0       0
      Totals:         2       0       0       0       0       0       0       0       0       0       0       0       0       0       0       0       0
Total ram usage:        2 bytes
 Hardware stack levels used:    1
 This function calls:
		Nothing
 This function is called by:
		_EUSART1_Initialize
 This function uses a non-reentrant model


 *************** function _ADC_Initialize *****************
 Defined at:
		line 62 in file "mcc_generated_files/adc.c"
 Parameters:    Size  Location     Type
		None
 Auto vars:     Size  Location     Type
		None
 Return value:  Size  Location     Type
                  1    wreg      void 
 Registers used:
		wreg, status,2
 Tracked objects:
		On entry : 
		On exit  : 
		Unchanged: 
 Data sizes:     COMRAM   BANK0   BANK1   BANK2   BANK3   BANK4   BANK5   BANK6   BANK7   BANK8   BANK9  BANK10  BANK11  BANK12  BANK13  BANK14  BANK15
      Params:         0       0       0       0       0       0       0       0       0       0       0       0       0       0       0       0       0
      Locals:         0       0       0       0       0       0       0       0       0       0       0       0       0       0       0       0       0
      Temps:          0       0       0       0       0       0       0       0       0       0       0       0       0       0       0       0       0
      Totals:         0       0       0       0       0       0       0       0       0       0       0       0       0       0       0       0       0
Total ram usage:        0 bytes
 Hardware stack levels used:    1
 This function calls:
		Nothing
 This function is called by:
		_SYSTEM_Initialize
 This function uses a non-reentrant model


 *************** function _EUSART1_is_rx_ready *****************
 Defined at:
		line 99 in file "mcc_generated_files/eusart1.c"
 Parameters:    Size  Location     Type
		None
 Auto vars:     Size  Location     Type
		None
 Return value:  Size  Location     Type
                  1    wreg      _Bool 
 Registers used:
		wreg
 Tracked objects:
		On entry : 
		On exit  : 
		Unchanged: 
 Data sizes:     COMRAM   BANK0   BANK1   BANK2   BANK3   BANK4   BANK5   BANK6   BANK7   BANK8   BANK9  BANK10  BANK11  BANK12  BANK13  BANK14  BANK15
      Params:         0       0       0       0       0       0       0       0       0       0       0       0       0       0       0       0       0
      Locals:         0       0       0       0       0       0       0       0       0       0       0       0       0       0       0       0       0
      Temps:          0       0       0       0       0       0       0       0       0       0       0       0       0       0       0       0       0
      Totals:         0       0       0       0       0       0       0       0       0       0       0       0       0       0       0       0       0
Total ram usage:        0 bytes
 Hardware stack levels used:    1
 This function calls:
		Nothing
 This function is called by:
		_main
 This function uses a non-reentrant model


 *************** function _EUSART1_Read *****************
 Defined at:
		line 113 in file "mcc_generated_files/eusart1.c"
 Parameters:    Size  Location     Type
		None
 Auto vars:     Size  Location     Type
		None
 Return value:  Size  Location     Type
                  1    wreg      unsigned char 
 Registers used:
		wreg, status,2
 Tracked objects:
		On entry : 
		On exit  : 
		Unchanged: 
 Data sizes:     COMRAM   BANK0   BANK1   BANK2   BANK3   BANK4   BANK5   BANK6   BANK7   BANK8   BANK9  BANK10  BANK11  BANK12  BANK13  BANK14  BANK15
      Params:         0       0       0       0       0       0       0       0       0       0       0       0       0       0       0       0       0
      Locals:         0       0       0       0       0       0       0       0       0       0       0       0       0       0       0       0       0
      Temps:          0       0       0       0       0       0       0       0       0       0       0       0       0       0       0       0       0
      Totals:         0       0       0       0       0       0       0       0       0       0       0       0       0       0       0       0       0
Total ram usage:        0 bytes
 Hardware stack levels used:    1
 This function calls:
		Nothing
 This function is called by:
		_main
		_getch
 This function uses a non-reentrant model


 *************** function _ADC_StartConversion *****************
 Defined at:
		line 91 in file "mcc_generated_files/adc.c"
 Parameters:    Size  Location     Type
		None
 Auto vars:     Size  Location     Type
		None
 Return value:  Size  Location     Type
                  1    wreg      void 
 Registers used:
		None
 Tracked objects:
		On entry : 
		On exit  : 
		Unchanged: 
 Data sizes:     COMRAM   BANK0   BANK1   BANK2   BANK3   BANK4   BANK5   BANK6   BANK7   BANK8   BANK9  BANK10  BANK11  BANK12  BANK13  BANK14  BANK15
      Params:         0       0       0       0       0       0       0       0       0       0       0       0       0       0       0       0       0
      Locals:         0       0       0       0       0       0       0       0       0       0       0       0       0       0       0       0       0
      Temps:          0       0       0       0       0       0       0       0       0       0       0       0       0       0       0       0       0
      Totals:         0       0       0       0       0       0       0       0       0       0       0       0       0       0       0       0       0
Total ram usage:        0 bytes
 Hardware stack levels used:    1
 This function calls:
		Nothing
 This function is called by:
		_main
 This function uses a non-reentrant model


 *************** function _ADC_SelectChannel *****************
 Defined at:
		line 83 in file "mcc_generated_files/adc.c"
 Parameters:    Size  Location     Type
  channel         1    wreg     enum E5751
 Auto vars:     Size  Location     Type
  channel         1    1[COMRAM] enum E5751
 Return value:  Size  Location     Type
                  1    wreg      void 
 Registers used:
		wreg, status,2, status,0
 Tracked objects:
		On entry : 
		On exit  : 
		Unchanged: 
 Data sizes:     COMRAM   BANK0   BANK1   BANK2   BANK3   BANK4   BANK5   BANK6   BANK7   BANK8   BANK9  BANK10  BANK11  BANK12  BANK13  BANK14  BANK15
      Params:         0       0       0       0       0       0       0       0       0       0       0       0       0       0       0       0       0
      Locals:         1       0       0       0       0       0       0       0       0       0       0       0       0       0       0       0       0
      Temps:          1       0       0       0       0       0       0       0       0       0       0       0       0       0       0       0       0
      Totals:         2       0       0       0       0       0       0       0       0       0       0       0       0       0       0       0       0
Total ram usage:        2 bytes
 Hardware stack levels used:    1
 This function calls:
		Nothing
 This function is called by:
		_main
 This function uses a non-reentrant model


 *************** function _ADC_IsConversionDone *****************
 Defined at:
		line 98 in file "mcc_generated_files/adc.c"
 Parameters:    Size  Location     Type
		None
 Auto vars:     Size  Location     Type
		None
 Return value:  Size  Location     Type
                  1    wreg      _Bool 
 Registers used:
		wreg
 Tracked objects:
		On entry : 
		On exit  : 
		Unchanged: 
 Data sizes:     COMRAM   BANK0   BANK1   BANK2   BANK3   BANK4   BANK5   BANK6   BANK7   BANK8   BANK9  BANK10  BANK11  BANK12  BANK13  BANK14  BANK15
      Params:         0       0       0       0       0       0       0       0       0       0       0       0       0       0       0       0       0
      Locals:         0       0       0       0       0       0       0       0       0       0       0       0       0       0       0       0       0
      Temps:          0       0       0       0       0       0       0       0       0       0       0       0       0       0       0       0       0
      Totals:         0       0       0       0       0       0       0       0       0       0       0       0       0       0       0       0       0
Total ram usage:        0 bytes
 Hardware stack levels used:    1
 This function calls:
		Nothing
 This function is called by:
		_main
 This function uses a non-reentrant model


 *************** function _ADC_GetConversionResult *****************
 Defined at:
		line 104 in file "mcc_generated_files/adc.c"
 Parameters:    Size  Location     Type
		None
 Auto vars:     Size  Location     Type
		None
 Return value:  Size  Location     Type
                  2    0[COMRAM] unsigned short 
 Registers used:
		wreg, status,2, status,0
 Tracked objects:
		On entry : 
		On exit  : 
		Unchanged: 
 Data sizes:     COMRAM   BANK0   BANK1   BANK2   BANK3   BANK4   BANK5   BANK6   BANK7   BANK8   BANK9  BANK10  BANK11  BANK12  BANK13  BANK14  BANK15
      Params:         2       0       0       0       0       0       0       0       0       0       0       0       0       0       0       0       0
      Locals:         0       0       0       0       0       0       0       0       0       0       0       0       0       0       0       0       0
      Temps:          2       0       0       0       0       0       0       0       0       0       0       0       0       0       0       0       0
      Totals:         4       0       0       0       0       0       0       0       0       0       0       0       0       0       0       0       0
Total ram usage:        4 bytes
 Hardware stack levels used:    1
 This function calls:
		Nothing
 This function is called by:
		_main
 This function uses a non-reentrant model



MODULE INFORMATION

Module		Function		Class		Link	Load	Size
C:\Program Files (x86)\Microchip\xc8\v2.10\pic\sources\c99\common\atoi.c
		_atoi          		CODE           	E7AE	0000	411

C:\Program Files (x86)\Microchip\xc8\v2.10\pic\sources\c99\common\atoi.c estimated size: 411

C:\Program Files (x86)\Microchip\xc8\v2.10\pic\sources\c99\common\lodiv.c
		___lodiv       		CODE           	E3D2	0000	241

C:\Program Files (x86)\Microchip\xc8\v2.10\pic\sources\c99\common\lodiv.c estimated size: 241

C:\Program Files (x86)\Microchip\xc8\v2.10\pic\sources\c99\common\aodiv.c
		___aodiv       		CODE           	E626	0000	393

C:\Program Files (x86)\Microchip\xc8\v2.10\pic\sources\c99\common\aodiv.c estimated size: 393

C:\Program Files (x86)\Microchip\xc8\v2.10\pic\sources\c99\common\isspace.c
		_isspace       		CODE           	E096	0000	83

C:\Program Files (x86)\Microchip\xc8\v2.10\pic\sources\c99\common\isspace.c estimated size: 83

C:\Program Files (x86)\Microchip\xc8\v2.10\pic\sources\c99\common\strlen.c
		_strlen        		CODE           	DF66	0000	55

C:\Program Files (x86)\Microchip\xc8\v2.10\pic\sources\c99\common\strlen.c estimated size: 55

mcc_generated_files/tmr0.c
		_TMR0_WriteTimer		CODE           	DD62	0000	11
		_TMR0_ReadTimer		CODE           	DE7E	0000	31
		_TMR0_HasOverflowOccured		CODE           	DDB2	0000	21
		_TMR0_Initialize		CODE           	DF3C	0000	43

mcc_generated_files/tmr0.c estimated size: 106

mcc_generated_files/pin_manager.c
		_PIN_MANAGER_Initialize		CODE           	DF12	0000	43

mcc_generated_files/pin_manager.c estimated size: 43

mcc_generated_files/adc.c
		_ADC_Initialize		CODE           	DDDA	0000	23
		_ADC_IsConversionDone		CODE           	DD8A	0000	21
		_ADC_GetConversionResult		CODE           	DD76	0000	21
		_ADC_StartConversion		CODE           	DD40	0000	5
		_ADC_SelectChannel		CODE           	DE32	0000	25

mcc_generated_files/adc.c estimated size: 95

C:\Program Files (x86)\Microchip\xc8\v2.10\pic\sources\c99\common\doprnt.c
		_vfpfcnvrt     		CODE           	EE2C	0000	987
		_pad           		CODE           	E23C	0000	199
		_ctoa          		CODE           	E0E8	0000	91
		_dtoa          		CODE           	EB4A	0000	739
		_vfprintf      		CODE           	E142	0000	101
		_utoa          		CODE           	E948	0000	515

C:\Program Files (x86)\Microchip\xc8\v2.10\pic\sources\c99\common\doprnt.c estimated size: 2632

C:\Program Files (x86)\Microchip\xc8\v2.10\pic\sources\c99\common\nf_fputs.c
		_fputs         		CODE           	E052	0000	69

C:\Program Files (x86)\Microchip\xc8\v2.10\pic\sources\c99\common\nf_fputs.c estimated size: 69

shared
		__initialization		CODE           	DDC6	0000	15

shared estimated size: 15

mcc_generated_files/eusart1.c
		_EUSART1_is_rx_ready		CODE           	DD9E	0000	21
		_EUSART1_Initialize		CODE           	DFD4	0000	63
		_putch         		CODE           	DD6C	0000	11
		_EUSART1_SetFramingErrorHandler		CODE           	DD4E	0000	11
		_EUSART1_Read  		CODE           	DEC2	0000	41
		_EUSART1_SetOverrunErrorHandler		CODE           	DD58	0000	11
		_EUSART1_SetErrorHandler		CODE           	DD44	0000	11
		_EUSART1_Write 		CODE           	DE1C	0000	23

mcc_generated_files/eusart1.c estimated size: 192

mcc_generated_files/mcc.c
		_OSCILLATOR_Initialize		CODE           	DE62	0000	29
		_SYSTEM_Initialize		CODE           	DDF0	0000	23

mcc_generated_files/mcc.c estimated size: 52

C:\Program Files (x86)\Microchip\xc8\v2.10\pic\sources\c99\common\isdigit.c
		_isdigit       		CODE           	DF9C	0000	57

C:\Program Files (x86)\Microchip\xc8\v2.10\pic\sources\c99\common\isdigit.c estimated size: 57

C:\Program Files (x86)\Microchip\xc8\v2.10\pic\sources\c99\common\lomod.c
		___lomod       		CODE           	E302	0000	209

C:\Program Files (x86)\Microchip\xc8\v2.10\pic\sources\c99\common\lomod.c estimated size: 209

C:\Program Files (x86)\Microchip\xc8\v2.10\pic\sources\c99\common\aomod.c
		___aomod       		CODE           	E4C2	0000	357

C:\Program Files (x86)\Microchip\xc8\v2.10\pic\sources\c99\common\aomod.c estimated size: 357

C:\Program Files (x86)\Microchip\xc8\v2.10\pic\sources\c99\common\abs.c
		_abs           		CODE           	E012	0000	65

C:\Program Files (x86)\Microchip\xc8\v2.10\pic\sources\c99\common\abs.c estimated size: 65

C:\Program Files (x86)\Microchip\xc8\v2.10\pic\sources\c99\common\Umul16.c
		___wmul        		CODE           	DE9C	0000	39

C:\Program Files (x86)\Microchip\xc8\v2.10\pic\sources\c99\common\Umul16.c estimated size: 39

main.c
		_main          		CODE           	F206	0000	1963
		_putByteSCI    		CODE           	DE4A	0000	25
		_noteOn        		CODE           	DE06	0000	23

main.c estimated size: 2011

C:\Program Files (x86)\Microchip\xc8\v2.10\pic\sources\c99\common\printf.c
		_printf        		CODE           	DEEA	0000	41

C:\Program Files (x86)\Microchip\xc8\v2.10\pic\sources\c99\common\printf.c estimated size: 41

C:\Program Files (x86)\Microchip\xc8\v2.10\pic\sources\c99\common\nf_fputc.c
		_fputc         		CODE           	E1A6	0000	151

C:\Program Files (x86)\Microchip\xc8\v2.10\pic\sources\c99\common\nf_fputc.c estimated size: 151

